Code:
function test({
  a = 1,
  b = { x: 1, y: 2 },
  ...rest
} = {}) {
  return { a, b, ...rest };
}

Generated docs:
/**
 * @param {Object} undefined={} - Description
 */

Extracted parameters:
[
  {
    "type": "Object",
    "defaultValue": "{}",
    "hasDefault": true,
    "isRest": false
  }
]